uv : C:\Users\sande\D
esktop\ten-days-of-vo
ice-agents-2025\backe
nd\.venv\lib\site-pac
kages\google\api_core
\_python_version_supp
ort.py:266: 
FutureWarning: You 
are using a Python 
version (3.10.0) 
which Google will 
stop supporting in 
new releases of 
google.api_core once 
it reaches its end 
of life 
(2026-10-04). Please 
upgrade to the 
latest Python 
version, or at least 
Python 3.11, to 
continue receiving 
updates for 
google.api_core past 
that date.
At line:1 char:1
+ uv run 
test_components.py > 
test_output.txt 2>&1
+ ~~~~~~~~~~~~~~~~~~~
~~~~~~~~~~~~~~~~~~~~~
~~~~~~~~
    + CategoryInfo   
           : NotSpe  
  cified: (C:\User   
 s\sande\...past     
that date.:Strin    
g) [], RemoteExc    
eption
    + FullyQualified 
   ErrorId : Native  
  CommandError
 
  warnings.warn(messa
ge, FutureWarning)
Testing component instantiation...
Initializing Deepgram STT...
Deepgram STT initialized.
Initializing Google LLM...
Google LLM initialized.
Initializing Murf TTS...
Murf TTS initialized.
Loading Silero VAD...
Silero VAD loaded.
Initializing MultilingualModel...
Failed to initialize MultilingualModel: no job context found, are you running this code inside a job entrypoint?
Component test complete.
